測試影像:2480 張,開始推論(conf>=0.25)...
  ...400/2480
  ...800/2480
  ...1200/2480
  ...1600/2480
  ...2000/2480
  ...2400/2480
=== 統計 ===
{
  "n_images": 2480,
  "n_images_with_damage": 597,
  "frac_images_with_damage": 0.2407,
  "n_damage_detections": 876,
  "conf_threshold": 0.25,
  "mean_damage_conf": 0.7307,
  "median_damage_conf": 0.8089,
  "p10_damage_conf": 0.4018,
  "p90_damage_conf": 0.8768
}
已寫出: C:\Users\Arnold_junyen\Documents\vscode工作區\imarine\巡檢決策儀表盤\data\damage_pool.json
EXIT=0
